Archive member included to satisfy reference by file (symbol)

../grp_phase_2_bsp/\libhal_bsp.a(alt_load.o)
                              ../grp_phase_2_bsp//obj/HAL/src/crt0.o (alt_load)
../grp_phase_2_bsp/\libhal_bsp.a(alt_main.o)
                              ../grp_phase_2_bsp//obj/HAL/src/crt0.o (alt_main)
../grp_phase_2_bsp/\libhal_bsp.a(alt_sys_init.o)
                              ../grp_phase_2_bsp/\libhal_bsp.a(alt_main.o) (alt_irq_init)
../grp_phase_2_bsp/\libhal_bsp.a(alt_close.o)
                              ../grp_phase_2_bsp/\libhal_bsp.a(alt_main.o) (close)
../grp_phase_2_bsp/\libhal_bsp.a(alt_dcache_flush_all.o)
                              ../grp_phase_2_bsp/\libhal_bsp.a(alt_load.o) (alt_dcache_flush_all)
../grp_phase_2_bsp/\libhal_bsp.a(alt_dev.o)
                              ../grp_phase_2_bsp/\libhal_bsp.a(alt_close.o) (alt_fd_list)
../grp_phase_2_bsp/\libhal_bsp.a(alt_do_ctors.o)
                              ../grp_phase_2_bsp/\libhal_bsp.a(alt_main.o) (_do_ctors)
../grp_phase_2_bsp/\libhal_bsp.a(alt_do_dtors.o)
                              ../grp_phase_2_bsp/\libhal_bsp.a(alt_main.o) (_do_dtors)
../grp_phase_2_bsp/\libhal_bsp.a(alt_errno.o)
                              ../grp_phase_2_bsp/\libhal_bsp.a(alt_close.o) (alt_errno)
../grp_phase_2_bsp/\libhal_bsp.a(alt_icache_flush_all.o)
                              ../grp_phase_2_bsp/\libhal_bsp.a(alt_load.o) (alt_icache_flush_all)
../grp_phase_2_bsp/\libhal_bsp.a(alt_release_fd.o)
                              ../grp_phase_2_bsp/\libhal_bsp.a(alt_close.o) (alt_release_fd)
../grp_phase_2_bsp/\libhal_bsp.a(altera_nios2_gen2_irq.o)
                              ../grp_phase_2_bsp/\libhal_bsp.a(alt_sys_init.o) (altera_nios2_gen2_irq_init)
../grp_phase_2_bsp/\libhal_bsp.a(alt_icache_flush.o)
                              ../grp_phase_2_bsp/\libhal_bsp.a(alt_icache_flush_all.o) (alt_icache_flush)
c:/intelfpga/18.1/nios2eds/bin/gnu/h-x86_64-mingw32/bin/../lib/gcc/nios2-elf/5.3.0/../../../../../H-x86_64-mingw32/nios2-elf/lib\libc.a(lib_a-atexit.o)
                              ../grp_phase_2_bsp/\libhal_bsp.a(alt_main.o) (atexit)
c:/intelfpga/18.1/nios2eds/bin/gnu/h-x86_64-mingw32/bin/../lib/gcc/nios2-elf/5.3.0/../../../../../H-x86_64-mingw32/nios2-elf/lib\libc.a(lib_a-exit.o)
                              ../grp_phase_2_bsp/\libhal_bsp.a(alt_main.o) (exit)
c:/intelfpga/18.1/nios2eds/bin/gnu/h-x86_64-mingw32/bin/../lib/gcc/nios2-elf/5.3.0/../../../../../H-x86_64-mingw32/nios2-elf/lib\libc.a(lib_a-impure.o)
                              c:/intelfpga/18.1/nios2eds/bin/gnu/h-x86_64-mingw32/bin/../lib/gcc/nios2-elf/5.3.0/../../../../../H-x86_64-mingw32/nios2-elf/lib\libc.a(lib_a-exit.o) (_global_impure_ptr)
c:/intelfpga/18.1/nios2eds/bin/gnu/h-x86_64-mingw32/bin/../lib/gcc/nios2-elf/5.3.0/../../../../../H-x86_64-mingw32/nios2-elf/lib\libc.a(lib_a-int_errno.o)
                              ../grp_phase_2_bsp/\libhal_bsp.a(alt_close.o) (errno)
c:/intelfpga/18.1/nios2eds/bin/gnu/h-x86_64-mingw32/bin/../lib/gcc/nios2-elf/5.3.0/../../../../../H-x86_64-mingw32/nios2-elf/lib\libc.a(lib_a-__atexit.o)
                              c:/intelfpga/18.1/nios2eds/bin/gnu/h-x86_64-mingw32/bin/../lib/gcc/nios2-elf/5.3.0/../../../../../H-x86_64-mingw32/nios2-elf/lib\libc.a(lib_a-atexit.o) (__register_exitproc)
c:/intelfpga/18.1/nios2eds/bin/gnu/h-x86_64-mingw32/bin/../lib/gcc/nios2-elf/5.3.0/../../../../../H-x86_64-mingw32/nios2-elf/lib\libc.a(lib_a-__call_atexit.o)
                              c:/intelfpga/18.1/nios2eds/bin/gnu/h-x86_64-mingw32/bin/../lib/gcc/nios2-elf/5.3.0/../../../../../H-x86_64-mingw32/nios2-elf/lib\libc.a(lib_a-exit.o) (__call_exitprocs)
../grp_phase_2_bsp/\libhal_bsp.a(alt_exit.o)
                              c:/intelfpga/18.1/nios2eds/bin/gnu/h-x86_64-mingw32/bin/../lib/gcc/nios2-elf/5.3.0/../../../../../H-x86_64-mingw32/nios2-elf/lib\libc.a(lib_a-exit.o) (_exit)

Allocating common symbols
Common symbol       size              file

errno               0x4               c:/intelfpga/18.1/nios2eds/bin/gnu/h-x86_64-mingw32/bin/../lib/gcc/nios2-elf/5.3.0/../../../../../H-x86_64-mingw32/nios2-elf/lib\libc.a(lib_a-int_errno.o)

Memory Configuration

Name             Origin             Length             Attributes
reset            0x0000000000008000 0x0000000000000020
onchip_memory2_0 0x0000000000008020 0x0000000000004fe0
*default*        0x0000000000000000 0xffffffffffffffff

Linker script and memory map

LOAD ../grp_phase_2_bsp//obj/HAL/src/crt0.o
LOAD obj/default/main.o
LOAD c:/intelfpga/18.1/nios2eds/bin/gnu/h-x86_64-mingw32/bin/../lib/gcc/nios2-elf/5.3.0/../../../../../H-x86_64-mingw32/nios2-elf/lib\libstdc++.a
LOAD c:/intelfpga/18.1/nios2eds/bin/gnu/h-x86_64-mingw32/bin/../lib/gcc/nios2-elf/5.3.0/../../../../../H-x86_64-mingw32/nios2-elf/lib\libm.a
LOAD c:/intelfpga/18.1/nios2eds/bin/gnu/h-x86_64-mingw32/bin/../lib/gcc/nios2-elf/5.3.0\libgcc.a
START GROUP
LOAD c:/intelfpga/18.1/nios2eds/bin/gnu/h-x86_64-mingw32/bin/../lib/gcc/nios2-elf/5.3.0/../../../../../H-x86_64-mingw32/nios2-elf/lib\libc.a
LOAD c:/intelfpga/18.1/nios2eds/bin/gnu/h-x86_64-mingw32/bin/../lib/gcc/nios2-elf/5.3.0\libgcc.a
LOAD ../grp_phase_2_bsp/\libhal_bsp.a
LOAD c:/intelfpga/18.1/nios2eds/bin/gnu/h-x86_64-mingw32/bin/../lib/gcc/nios2-elf/5.3.0/../../../../../H-x86_64-mingw32/nios2-elf/lib\libm.a
END GROUP
LOAD c:/intelfpga/18.1/nios2eds/bin/gnu/h-x86_64-mingw32/bin/../lib/gcc/nios2-elf/5.3.0\libgcc.a
                0x0000000000008000                __alt_mem_onchip_memory2_0 = 0x8000

.entry          0x0000000000008000       0x20
 *(.entry)
 .entry         0x0000000000008000       0x20 ../grp_phase_2_bsp//obj/HAL/src/crt0.o
                0x0000000000008000                __reset

.exceptions     0x0000000000008020        0x0
                0x0000000000008020                PROVIDE (__ram_exceptions_start, ABSOLUTE (.))
                0x0000000000008020                . = ALIGN (0x20)
 *(.irq)
 *(.exceptions.entry.label)
 *(.exceptions.entry.user)
 *(.exceptions.entry.ecc_fatal)
 *(.exceptions.entry)
 *(.exceptions.irqtest.user)
 *(.exceptions.irqtest)
 *(.exceptions.irqhandler.user)
 *(.exceptions.irqhandler)
 *(.exceptions.irqreturn.user)
 *(.exceptions.irqreturn)
 *(.exceptions.notirq.label)
 *(.exceptions.notirq.user)
 *(.exceptions.notirq)
 *(.exceptions.soft.user)
 *(.exceptions.soft)
 *(.exceptions.unknown.user)
 *(.exceptions.unknown)
 *(.exceptions.exit.label)
 *(.exceptions.exit.user)
 *(.exceptions.exit)
 *(.exceptions)
                0x0000000000008020                PROVIDE (__ram_exceptions_end, ABSOLUTE (.))
                0x0000000000008020                PROVIDE (__flash_exceptions_start, LOADADDR (.exceptions))

.text           0x0000000000008020      0xb88
                [!provide]                        PROVIDE (stext, ABSOLUTE (.))
 *(.interp)
 *(.hash)
 *(.dynsym)
 *(.dynstr)
 *(.gnu.version)
 *(.gnu.version_d)
 *(.gnu.version_r)
 *(.rel.init)
 *(.rela.init)
 *(.rel.text .rel.text.* .rel.gnu.linkonce.t.*)
 *(.rela.text .rela.text.* .rela.gnu.linkonce.t.*)
 *(.rel.fini)
 *(.rela.fini)
 *(.rel.rodata .rel.rodata.* .rel.gnu.linkonce.r.*)
 *(.rela.rodata .rela.rodata.* .rela.gnu.linkonce.r.*)
 *(.rel.data .rel.data.* .rel.gnu.linkonce.d.*)
 *(.rela.data .rela.data.* .rela.gnu.linkonce.d.*)
 *(.rel.tdata .rel.tdata.* .rel.gnu.linkonce.td.*)
 *(.rela.tdata .rela.tdata.* .rela.gnu.linkonce.td.*)
 *(.rel.tbss .rel.tbss.* .rel.gnu.linkonce.tb.*)
 *(.rela.tbss .rela.tbss.* .rela.gnu.linkonce.tb.*)
 *(.rel.ctors)
 *(.rela.ctors)
 *(.rel.dtors)
 *(.rela.dtors)
 *(.rel.got)
 *(.rela.got)
 *(.rel.sdata .rel.sdata.* .rel.gnu.linkonce.s.*)
 *(.rela.sdata .rela.sdata.* .rela.gnu.linkonce.s.*)
 *(.rel.sbss .rel.sbss.* .rel.gnu.linkonce.sb.*)
 *(.rela.sbss .rela.sbss.* .rela.gnu.linkonce.sb.*)
 *(.rel.sdata2 .rel.sdata2.* .rel.gnu.linkonce.s2.*)
 *(.rela.sdata2 .rela.sdata2.* .rela.gnu.linkonce.s2.*)
 *(.rel.sbss2 .rel.sbss2.* .rel.gnu.linkonce.sb2.*)
 *(.rela.sbss2 .rela.sbss2.* .rela.gnu.linkonce.sb2.*)
 *(.rel.bss .rel.bss.* .rel.gnu.linkonce.b.*)
 *(.rela.bss .rela.bss.* .rela.gnu.linkonce.b.*)
 *(.rel.plt)
 *(.rela.plt)
 *(.rel.dyn)
 *(.init)
 *(.plt)
 *(.text .stub .text.* .gnu.linkonce.t.*)
 .text          0x0000000000008020       0x4c ../grp_phase_2_bsp//obj/HAL/src/crt0.o
                0x0000000000008020                _start
 .text          0x000000000000806c      0x2f4 obj/default/main.o
                0x000000000000806c                single_digit
                0x0000000000008178                main
 .text          0x0000000000008360       0xec ../grp_phase_2_bsp/\libhal_bsp.a(alt_load.o)
                0x00000000000083c8                alt_load
 .text          0x000000000000844c       0x60 ../grp_phase_2_bsp/\libhal_bsp.a(alt_main.o)
                0x000000000000844c                alt_main
 .text          0x00000000000084ac       0x58 ../grp_phase_2_bsp/\libhal_bsp.a(alt_sys_init.o)
                0x00000000000084ac                alt_irq_init
                0x00000000000084e4                alt_sys_init
 .text          0x0000000000008504      0x10c ../grp_phase_2_bsp/\libhal_bsp.a(alt_close.o)
                0x0000000000008540                close
 .text          0x0000000000008610       0x48 ../grp_phase_2_bsp/\libhal_bsp.a(alt_dcache_flush_all.o)
                0x0000000000008610                alt_dcache_flush_all
 .text          0x0000000000008658       0x2c ../grp_phase_2_bsp/\libhal_bsp.a(alt_dev.o)
 .text          0x0000000000008684       0x60 ../grp_phase_2_bsp/\libhal_bsp.a(alt_do_ctors.o)
                0x0000000000008684                _do_ctors
 .text          0x00000000000086e4       0x60 ../grp_phase_2_bsp/\libhal_bsp.a(alt_do_dtors.o)
                0x00000000000086e4                _do_dtors
 .text          0x0000000000008744        0x0 ../grp_phase_2_bsp/\libhal_bsp.a(alt_errno.o)
 .text          0x0000000000008744       0x34 ../grp_phase_2_bsp/\libhal_bsp.a(alt_icache_flush_all.o)
                0x0000000000008744                alt_icache_flush_all
 .text          0x0000000000008778       0x64 ../grp_phase_2_bsp/\libhal_bsp.a(alt_release_fd.o)
                0x0000000000008778                alt_release_fd
 .text          0x00000000000087dc       0x24 ../grp_phase_2_bsp/\libhal_bsp.a(altera_nios2_gen2_irq.o)
                0x00000000000087dc                altera_nios2_gen2_irq_init
 .text          0x0000000000008800       0x90 ../grp_phase_2_bsp/\libhal_bsp.a(alt_icache_flush.o)
                0x0000000000008800                alt_icache_flush
 .text          0x0000000000008890        0x0 c:/intelfpga/18.1/nios2eds/bin/gnu/h-x86_64-mingw32/bin/../lib/gcc/nios2-elf/5.3.0/../../../../../H-x86_64-mingw32/nios2-elf/lib\libc.a(lib_a-atexit.o)
 .text.atexit   0x0000000000008890       0x14 c:/intelfpga/18.1/nios2eds/bin/gnu/h-x86_64-mingw32/bin/../lib/gcc/nios2-elf/5.3.0/../../../../../H-x86_64-mingw32/nios2-elf/lib\libc.a(lib_a-atexit.o)
                0x0000000000008890                atexit
 .text          0x00000000000088a4        0x0 c:/intelfpga/18.1/nios2eds/bin/gnu/h-x86_64-mingw32/bin/../lib/gcc/nios2-elf/5.3.0/../../../../../H-x86_64-mingw32/nios2-elf/lib\libc.a(lib_a-exit.o)
 .text.exit     0x00000000000088a4       0x38 c:/intelfpga/18.1/nios2eds/bin/gnu/h-x86_64-mingw32/bin/../lib/gcc/nios2-elf/5.3.0/../../../../../H-x86_64-mingw32/nios2-elf/lib\libc.a(lib_a-exit.o)
                0x00000000000088a4                exit
 .text          0x00000000000088dc        0x0 c:/intelfpga/18.1/nios2eds/bin/gnu/h-x86_64-mingw32/bin/../lib/gcc/nios2-elf/5.3.0/../../../../../H-x86_64-mingw32/nios2-elf/lib\libc.a(lib_a-impure.o)
 .text          0x00000000000088dc        0x0 c:/intelfpga/18.1/nios2eds/bin/gnu/h-x86_64-mingw32/bin/../lib/gcc/nios2-elf/5.3.0/../../../../../H-x86_64-mingw32/nios2-elf/lib\libc.a(lib_a-int_errno.o)
 .text          0x00000000000088dc        0x0 c:/intelfpga/18.1/nios2eds/bin/gnu/h-x86_64-mingw32/bin/../lib/gcc/nios2-elf/5.3.0/../../../../../H-x86_64-mingw32/nios2-elf/lib\libc.a(lib_a-__atexit.o)
 .text.__register_exitproc
                0x00000000000088dc      0x118 c:/intelfpga/18.1/nios2eds/bin/gnu/h-x86_64-mingw32/bin/../lib/gcc/nios2-elf/5.3.0/../../../../../H-x86_64-mingw32/nios2-elf/lib\libc.a(lib_a-__atexit.o)
                0x00000000000088dc                __register_exitproc
 .text          0x00000000000089f4        0x0 c:/intelfpga/18.1/nios2eds/bin/gnu/h-x86_64-mingw32/bin/../lib/gcc/nios2-elf/5.3.0/../../../../../H-x86_64-mingw32/nios2-elf/lib\libc.a(lib_a-__call_atexit.o)
 .text.__call_exitprocs
                0x00000000000089f4      0x180 c:/intelfpga/18.1/nios2eds/bin/gnu/h-x86_64-mingw32/bin/../lib/gcc/nios2-elf/5.3.0/../../../../../H-x86_64-mingw32/nios2-elf/lib\libc.a(lib_a-__call_atexit.o)
                0x00000000000089f4                __call_exitprocs
 .text          0x0000000000008b74       0x34 ../grp_phase_2_bsp/\libhal_bsp.a(alt_exit.o)
                0x0000000000008b74                _exit
 *(.gnu.warning.*)
 *(.fini)
                [!provide]                        PROVIDE (__etext, ABSOLUTE (.))
                [!provide]                        PROVIDE (_etext, ABSOLUTE (.))
                [!provide]                        PROVIDE (etext, ABSOLUTE (.))
 *(.eh_frame_hdr)
                0x0000000000008ba8                . = ALIGN (0x4)
                [!provide]                        PROVIDE (__preinit_array_start, ABSOLUTE (.))
 *(.preinit_array)
                [!provide]                        PROVIDE (__preinit_array_end, ABSOLUTE (.))
                [!provide]                        PROVIDE (__init_array_start, ABSOLUTE (.))
 *(.init_array)
                [!provide]                        PROVIDE (__init_array_end, ABSOLUTE (.))
                [!provide]                        PROVIDE (__fini_array_start, ABSOLUTE (.))
 *(.fini_array)
                [!provide]                        PROVIDE (__fini_array_end, ABSOLUTE (.))
 *(.eh_frame)
 *(.gcc_except_table .gcc_except_table.*)
 *(.dynamic)
                0x0000000000008ba8                PROVIDE (__CTOR_LIST__, ABSOLUTE (.))
 *(.ctors)
 *(SORT(.ctors.*))
                0x0000000000008ba8                PROVIDE (__CTOR_END__, ABSOLUTE (.))
                0x0000000000008ba8                PROVIDE (__DTOR_LIST__, ABSOLUTE (.))
 *(.dtors)
 *(SORT(.dtors.*))
                0x0000000000008ba8                PROVIDE (__DTOR_END__, ABSOLUTE (.))
 *(.jcr)
                0x0000000000008ba8                . = ALIGN (0x4)

.rodata         0x0000000000008ba8       0x10
                0x0000000000008ba8                PROVIDE (__ram_rodata_start, ABSOLUTE (.))
                0x0000000000008ba8                . = ALIGN (0x4)
 *(.rodata .rodata.* .gnu.linkonce.r.*)
 .rodata        0x0000000000008ba8        0xa ../grp_phase_2_bsp/\libhal_bsp.a(alt_dev.o)
 *fill*         0x0000000000008bb2        0x2 
 .rodata.str1.4
                0x0000000000008bb4        0x4 c:/intelfpga/18.1/nios2eds/bin/gnu/h-x86_64-mingw32/bin/../lib/gcc/nios2-elf/5.3.0/../../../../../H-x86_64-mingw32/nios2-elf/lib\libc.a(lib_a-impure.o)
                                          0x2 (size before relaxing)
 *(.rodata1)
                0x0000000000008bb8                . = ALIGN (0x4)
                0x0000000000008bb8                PROVIDE (__ram_rodata_end, ABSOLUTE (.))
                0x0000000000008ba8                PROVIDE (__flash_rodata_start, LOADADDR (.rodata))

.rwdata         0x0000000000008bb8      0x5ec load address 0x00000000000091a4
                0x0000000000008bb8                PROVIDE (__ram_rwdata_start, ABSOLUTE (.))
                0x0000000000008bb8                . = ALIGN (0x4)
 *(.got.plt)
 *(.got)
 *(.data1)
 *(.data .data.* .gnu.linkonce.d.*)
 .data          0x0000000000008bb8        0x0 ../grp_phase_2_bsp//obj/HAL/src/crt0.o
 .data          0x0000000000008bb8        0x0 obj/default/main.o
 .data          0x0000000000008bb8        0x0 ../grp_phase_2_bsp/\libhal_bsp.a(alt_load.o)
 .data          0x0000000000008bb8        0x0 ../grp_phase_2_bsp/\libhal_bsp.a(alt_main.o)
 .data          0x0000000000008bb8        0x0 ../grp_phase_2_bsp/\libhal_bsp.a(alt_sys_init.o)
 .data          0x0000000000008bb8        0x0 ../grp_phase_2_bsp/\libhal_bsp.a(alt_close.o)
 .data          0x0000000000008bb8        0x0 ../grp_phase_2_bsp/\libhal_bsp.a(alt_dcache_flush_all.o)
 .data          0x0000000000008bb8      0x1a8 ../grp_phase_2_bsp/\libhal_bsp.a(alt_dev.o)
                0x0000000000008bb8                alt_dev_null
                0x0000000000008be0                alt_fd_list
 .data          0x0000000000008d60        0x0 ../grp_phase_2_bsp/\libhal_bsp.a(alt_do_ctors.o)
 .data          0x0000000000008d60        0x0 ../grp_phase_2_bsp/\libhal_bsp.a(alt_do_dtors.o)
 .data          0x0000000000008d60        0x0 ../grp_phase_2_bsp/\libhal_bsp.a(alt_errno.o)
 .data          0x0000000000008d60        0x0 ../grp_phase_2_bsp/\libhal_bsp.a(alt_icache_flush_all.o)
 .data          0x0000000000008d60        0x0 ../grp_phase_2_bsp/\libhal_bsp.a(alt_release_fd.o)
 .data          0x0000000000008d60        0x0 ../grp_phase_2_bsp/\libhal_bsp.a(altera_nios2_gen2_irq.o)
 .data          0x0000000000008d60        0x0 ../grp_phase_2_bsp/\libhal_bsp.a(alt_icache_flush.o)
 .data          0x0000000000008d60        0x0 c:/intelfpga/18.1/nios2eds/bin/gnu/h-x86_64-mingw32/bin/../lib/gcc/nios2-elf/5.3.0/../../../../../H-x86_64-mingw32/nios2-elf/lib\libc.a(lib_a-atexit.o)
 .data          0x0000000000008d60        0x0 c:/intelfpga/18.1/nios2eds/bin/gnu/h-x86_64-mingw32/bin/../lib/gcc/nios2-elf/5.3.0/../../../../../H-x86_64-mingw32/nios2-elf/lib\libc.a(lib_a-exit.o)
 .data          0x0000000000008d60        0x0 c:/intelfpga/18.1/nios2eds/bin/gnu/h-x86_64-mingw32/bin/../lib/gcc/nios2-elf/5.3.0/../../../../../H-x86_64-mingw32/nios2-elf/lib\libc.a(lib_a-impure.o)
 .data.impure_data
                0x0000000000008d60      0x424 c:/intelfpga/18.1/nios2eds/bin/gnu/h-x86_64-mingw32/bin/../lib/gcc/nios2-elf/5.3.0/../../../../../H-x86_64-mingw32/nios2-elf/lib\libc.a(lib_a-impure.o)
 .data          0x0000000000009184        0x0 c:/intelfpga/18.1/nios2eds/bin/gnu/h-x86_64-mingw32/bin/../lib/gcc/nios2-elf/5.3.0/../../../../../H-x86_64-mingw32/nios2-elf/lib\libc.a(lib_a-int_errno.o)
 .data          0x0000000000009184        0x0 c:/intelfpga/18.1/nios2eds/bin/gnu/h-x86_64-mingw32/bin/../lib/gcc/nios2-elf/5.3.0/../../../../../H-x86_64-mingw32/nios2-elf/lib\libc.a(lib_a-__atexit.o)
 .data          0x0000000000009184        0x0 c:/intelfpga/18.1/nios2eds/bin/gnu/h-x86_64-mingw32/bin/../lib/gcc/nios2-elf/5.3.0/../../../../../H-x86_64-mingw32/nios2-elf/lib\libc.a(lib_a-__call_atexit.o)
 .data          0x0000000000009184        0x0 ../grp_phase_2_bsp/\libhal_bsp.a(alt_exit.o)
                0x0000000000011184                _gp = ABSOLUTE ((. + 0x8000))
                [!provide]                        PROVIDE (gp, _gp)
 *(.rwdata .rwdata.*)
 *(.sdata .sdata.* .gnu.linkonce.s.*)
 .sdata         0x0000000000009184       0x14 ../grp_phase_2_bsp/\libhal_bsp.a(alt_dev.o)
                0x0000000000009184                alt_fs_list
                0x000000000000918c                alt_dev_list
                0x0000000000009194                alt_max_fd
 .sdata         0x0000000000009198        0x4 ../grp_phase_2_bsp/\libhal_bsp.a(alt_errno.o)
                0x0000000000009198                alt_errno
 .sdata._global_impure_ptr
                0x000000000000919c        0x4 c:/intelfpga/18.1/nios2eds/bin/gnu/h-x86_64-mingw32/bin/../lib/gcc/nios2-elf/5.3.0/../../../../../H-x86_64-mingw32/nios2-elf/lib\libc.a(lib_a-impure.o)
                0x000000000000919c                _global_impure_ptr
 .sdata._impure_ptr
                0x00000000000091a0        0x4 c:/intelfpga/18.1/nios2eds/bin/gnu/h-x86_64-mingw32/bin/../lib/gcc/nios2-elf/5.3.0/../../../../../H-x86_64-mingw32/nios2-elf/lib\libc.a(lib_a-impure.o)
                0x00000000000091a0                _impure_ptr
 *(.sdata2 .sdata2.* .gnu.linkonce.s2.*)
                0x00000000000091a4                . = ALIGN (0x4)
                0x00000000000091a4                _edata = ABSOLUTE (.)
                [!provide]                        PROVIDE (edata, ABSOLUTE (.))
                0x00000000000091a4                PROVIDE (__ram_rwdata_end, ABSOLUTE (.))
                0x00000000000091a4                PROVIDE (__flash_rwdata_start, LOADADDR (.rwdata))

.bss            0x0000000000009790       0x10
                0x0000000000009790                __bss_start = ABSOLUTE (.)
                [!provide]                        PROVIDE (__sbss_start, ABSOLUTE (.))
                [!provide]                        PROVIDE (___sbss_start, ABSOLUTE (.))
 *(.dynsbss)
 *(.sbss .sbss.* .gnu.linkonce.sb.*)
 .sbss          0x0000000000009790        0xc ../grp_phase_2_bsp/\libhal_bsp.a(alt_main.o)
                0x0000000000009790                alt_argc
                0x0000000000009794                alt_argv
                0x0000000000009798                alt_envp
 .sbss          0x000000000000979c        0x4 c:/intelfpga/18.1/nios2eds/bin/gnu/h-x86_64-mingw32/bin/../lib/gcc/nios2-elf/5.3.0/../../../../../H-x86_64-mingw32/nios2-elf/lib\libc.a(lib_a-int_errno.o)
                0x000000000000979c                errno
 *(.sbss2 .sbss2.* .gnu.linkonce.sb2.*)
 *(.scommon)
                [!provide]                        PROVIDE (__sbss_end, ABSOLUTE (.))
                [!provide]                        PROVIDE (___sbss_end, ABSOLUTE (.))
 *(.dynbss)
 *(.bss .bss.* .gnu.linkonce.b.*)
 .bss           0x00000000000097a0        0x0 ../grp_phase_2_bsp//obj/HAL/src/crt0.o
 .bss           0x00000000000097a0        0x0 obj/default/main.o
 .bss           0x00000000000097a0        0x0 ../grp_phase_2_bsp/\libhal_bsp.a(alt_load.o)
 .bss           0x00000000000097a0        0x0 ../grp_phase_2_bsp/\libhal_bsp.a(alt_main.o)
 .bss           0x00000000000097a0        0x0 ../grp_phase_2_bsp/\libhal_bsp.a(alt_sys_init.o)
 .bss           0x00000000000097a0        0x0 ../grp_phase_2_bsp/\libhal_bsp.a(alt_close.o)
 .bss           0x00000000000097a0        0x0 ../grp_phase_2_bsp/\libhal_bsp.a(alt_dcache_flush_all.o)
 .bss           0x00000000000097a0        0x0 ../grp_phase_2_bsp/\libhal_bsp.a(alt_dev.o)
 .bss           0x00000000000097a0        0x0 ../grp_phase_2_bsp/\libhal_bsp.a(alt_do_ctors.o)
 .bss           0x00000000000097a0        0x0 ../grp_phase_2_bsp/\libhal_bsp.a(alt_do_dtors.o)
 .bss           0x00000000000097a0        0x0 ../grp_phase_2_bsp/\libhal_bsp.a(alt_errno.o)
 .bss           0x00000000000097a0        0x0 ../grp_phase_2_bsp/\libhal_bsp.a(alt_icache_flush_all.o)
 .bss           0x00000000000097a0        0x0 ../grp_phase_2_bsp/\libhal_bsp.a(alt_release_fd.o)
 .bss           0x00000000000097a0        0x0 ../grp_phase_2_bsp/\libhal_bsp.a(altera_nios2_gen2_irq.o)
 .bss           0x00000000000097a0        0x0 ../grp_phase_2_bsp/\libhal_bsp.a(alt_icache_flush.o)
 .bss           0x00000000000097a0        0x0 c:/intelfpga/18.1/nios2eds/bin/gnu/h-x86_64-mingw32/bin/../lib/gcc/nios2-elf/5.3.0/../../../../../H-x86_64-mingw32/nios2-elf/lib\libc.a(lib_a-atexit.o)
 .bss           0x00000000000097a0        0x0 c:/intelfpga/18.1/nios2eds/bin/gnu/h-x86_64-mingw32/bin/../lib/gcc/nios2-elf/5.3.0/../../../../../H-x86_64-mingw32/nios2-elf/lib\libc.a(lib_a-exit.o)
 .bss           0x00000000000097a0        0x0 c:/intelfpga/18.1/nios2eds/bin/gnu/h-x86_64-mingw32/bin/../lib/gcc/nios2-elf/5.3.0/../../../../../H-x86_64-mingw32/nios2-elf/lib\libc.a(lib_a-impure.o)
 .bss           0x00000000000097a0        0x0 c:/intelfpga/18.1/nios2eds/bin/gnu/h-x86_64-mingw32/bin/../lib/gcc/nios2-elf/5.3.0/../../../../../H-x86_64-mingw32/nios2-elf/lib\libc.a(lib_a-int_errno.o)
 .bss           0x00000000000097a0        0x0 c:/intelfpga/18.1/nios2eds/bin/gnu/h-x86_64-mingw32/bin/../lib/gcc/nios2-elf/5.3.0/../../../../../H-x86_64-mingw32/nios2-elf/lib\libc.a(lib_a-__atexit.o)
 .bss           0x00000000000097a0        0x0 c:/intelfpga/18.1/nios2eds/bin/gnu/h-x86_64-mingw32/bin/../lib/gcc/nios2-elf/5.3.0/../../../../../H-x86_64-mingw32/nios2-elf/lib\libc.a(lib_a-__call_atexit.o)
 .bss           0x00000000000097a0        0x0 ../grp_phase_2_bsp/\libhal_bsp.a(alt_exit.o)
 *(COMMON)
                0x00000000000097a0                . = ALIGN (0x4)
                0x00000000000097a0                __bss_end = ABSOLUTE (.)

.onchip_memory2_0
                0x00000000000097a0        0x0
                [!provide]                        PROVIDE (_alt_partition_onchip_memory2_0_start, ABSOLUTE (.))
 *(.onchip_memory2_0 .onchip_memory2_0. onchip_memory2_0.*)
                0x00000000000097a0                . = ALIGN (0x4)
                [!provide]                        PROVIDE (_alt_partition_onchip_memory2_0_end, ABSOLUTE (.))
                0x00000000000097a0                _end = ABSOLUTE (.)
                0x00000000000097a0                end = ABSOLUTE (.)
                0x00000000000097a0                __alt_stack_base = ABSOLUTE (.)
                [!provide]                        PROVIDE (_alt_partition_onchip_memory2_0_load_addr, LOADADDR (.onchip_memory2_0))

.stab
 *(.stab)

.stabstr
 *(.stabstr)

.stab.excl
 *(.stab.excl)

.stab.exclstr
 *(.stab.exclstr)

.stab.index
 *(.stab.index)

.stab.indexstr
 *(.stab.indexstr)

.comment        0x0000000000000000       0x23
 *(.comment)
 .comment       0x0000000000000000       0x23 obj/default/main.o
                                         0x24 (size before relaxing)
 .comment       0x0000000000000023       0x24 ../grp_phase_2_bsp/\libhal_bsp.a(alt_load.o)
 .comment       0x0000000000000023       0x24 ../grp_phase_2_bsp/\libhal_bsp.a(alt_main.o)
 .comment       0x0000000000000023       0x24 ../grp_phase_2_bsp/\libhal_bsp.a(alt_sys_init.o)
 .comment       0x0000000000000023       0x24 ../grp_phase_2_bsp/\libhal_bsp.a(alt_close.o)
 .comment       0x0000000000000023       0x24 ../grp_phase_2_bsp/\libhal_bsp.a(alt_dcache_flush_all.o)
 .comment       0x0000000000000023       0x24 ../grp_phase_2_bsp/\libhal_bsp.a(alt_dev.o)
 .comment       0x0000000000000023       0x24 ../grp_phase_2_bsp/\libhal_bsp.a(alt_do_ctors.o)
 .comment       0x0000000000000023       0x24 ../grp_phase_2_bsp/\libhal_bsp.a(alt_do_dtors.o)
 .comment       0x0000000000000023       0x24 ../grp_phase_2_bsp/\libhal_bsp.a(alt_errno.o)
 .comment       0x0000000000000023       0x24 ../grp_phase_2_bsp/\libhal_bsp.a(alt_icache_flush_all.o)
 .comment       0x0000000000000023       0x24 ../grp_phase_2_bsp/\libhal_bsp.a(alt_release_fd.o)
 .comment       0x0000000000000023       0x24 ../grp_phase_2_bsp/\libhal_bsp.a(altera_nios2_gen2_irq.o)
 .comment       0x0000000000000023       0x24 ../grp_phase_2_bsp/\libhal_bsp.a(alt_icache_flush.o)
 .comment       0x0000000000000023       0x24 c:/intelfpga/18.1/nios2eds/bin/gnu/h-x86_64-mingw32/bin/../lib/gcc/nios2-elf/5.3.0/../../../../../H-x86_64-mingw32/nios2-elf/lib\libc.a(lib_a-atexit.o)
 .comment       0x0000000000000023       0x24 c:/intelfpga/18.1/nios2eds/bin/gnu/h-x86_64-mingw32/bin/../lib/gcc/nios2-elf/5.3.0/../../../../../H-x86_64-mingw32/nios2-elf/lib\libc.a(lib_a-exit.o)
 .comment       0x0000000000000023       0x24 c:/intelfpga/18.1/nios2eds/bin/gnu/h-x86_64-mingw32/bin/../lib/gcc/nios2-elf/5.3.0/../../../../../H-x86_64-mingw32/nios2-elf/lib\libc.a(lib_a-impure.o)
 .comment       0x0000000000000023       0x24 c:/intelfpga/18.1/nios2eds/bin/gnu/h-x86_64-mingw32/bin/../lib/gcc/nios2-elf/5.3.0/../../../../../H-x86_64-mingw32/nios2-elf/lib\libc.a(lib_a-int_errno.o)
 .comment       0x0000000000000023       0x24 c:/intelfpga/18.1/nios2eds/bin/gnu/h-x86_64-mingw32/bin/../lib/gcc/nios2-elf/5.3.0/../../../../../H-x86_64-mingw32/nios2-elf/lib\libc.a(lib_a-__atexit.o)
 .comment       0x0000000000000023       0x24 c:/intelfpga/18.1/nios2eds/bin/gnu/h-x86_64-mingw32/bin/../lib/gcc/nios2-elf/5.3.0/../../../../../H-x86_64-mingw32/nios2-elf/lib\libc.a(lib_a-__call_atexit.o)
 .comment       0x0000000000000023       0x24 ../grp_phase_2_bsp/\libhal_bsp.a(alt_exit.o)

.debug
 *(.debug)

.line
 *(.line)

.debug_srcinfo
 *(.debug_srcinfo)

.debug_sfnames
 *(.debug_sfnames)

.debug_aranges  0x0000000000000000      0x2b0
 *(.debug_aranges)
 .debug_aranges
                0x0000000000000000       0x28 ../grp_phase_2_bsp//obj/HAL/src/crt0.o
 .debug_aranges
                0x0000000000000028       0x20 obj/default/main.o
 .debug_aranges
                0x0000000000000048       0x20 ../grp_phase_2_bsp/\libhal_bsp.a(alt_load.o)
 .debug_aranges
                0x0000000000000068       0x20 ../grp_phase_2_bsp/\libhal_bsp.a(alt_main.o)
 .debug_aranges
                0x0000000000000088       0x20 ../grp_phase_2_bsp/\libhal_bsp.a(alt_sys_init.o)
 .debug_aranges
                0x00000000000000a8       0x20 ../grp_phase_2_bsp/\libhal_bsp.a(alt_close.o)
 .debug_aranges
                0x00000000000000c8       0x20 ../grp_phase_2_bsp/\libhal_bsp.a(alt_dcache_flush_all.o)
 .debug_aranges
                0x00000000000000e8       0x20 ../grp_phase_2_bsp/\libhal_bsp.a(alt_dev.o)
 .debug_aranges
                0x0000000000000108       0x20 ../grp_phase_2_bsp/\libhal_bsp.a(alt_do_ctors.o)
 .debug_aranges
                0x0000000000000128       0x20 ../grp_phase_2_bsp/\libhal_bsp.a(alt_do_dtors.o)
 .debug_aranges
                0x0000000000000148       0x18 ../grp_phase_2_bsp/\libhal_bsp.a(alt_errno.o)
 .debug_aranges
                0x0000000000000160       0x20 ../grp_phase_2_bsp/\libhal_bsp.a(alt_icache_flush_all.o)
 .debug_aranges
                0x0000000000000180       0x20 ../grp_phase_2_bsp/\libhal_bsp.a(alt_release_fd.o)
 .debug_aranges
                0x00000000000001a0       0x20 ../grp_phase_2_bsp/\libhal_bsp.a(altera_nios2_gen2_irq.o)
 .debug_aranges
                0x00000000000001c0       0x20 ../grp_phase_2_bsp/\libhal_bsp.a(alt_icache_flush.o)
 .debug_aranges
                0x00000000000001e0       0x20 c:/intelfpga/18.1/nios2eds/bin/gnu/h-x86_64-mingw32/bin/../lib/gcc/nios2-elf/5.3.0/../../../../../H-x86_64-mingw32/nios2-elf/lib\libc.a(lib_a-atexit.o)
 .debug_aranges
                0x0000000000000200       0x20 c:/intelfpga/18.1/nios2eds/bin/gnu/h-x86_64-mingw32/bin/../lib/gcc/nios2-elf/5.3.0/../../../../../H-x86_64-mingw32/nios2-elf/lib\libc.a(lib_a-exit.o)
 .debug_aranges
                0x0000000000000220       0x18 c:/intelfpga/18.1/nios2eds/bin/gnu/h-x86_64-mingw32/bin/../lib/gcc/nios2-elf/5.3.0/../../../../../H-x86_64-mingw32/nios2-elf/lib\libc.a(lib_a-impure.o)
 .debug_aranges
                0x0000000000000238       0x18 c:/intelfpga/18.1/nios2eds/bin/gnu/h-x86_64-mingw32/bin/../lib/gcc/nios2-elf/5.3.0/../../../../../H-x86_64-mingw32/nios2-elf/lib\libc.a(lib_a-int_errno.o)
 .debug_aranges
                0x0000000000000250       0x20 c:/intelfpga/18.1/nios2eds/bin/gnu/h-x86_64-mingw32/bin/../lib/gcc/nios2-elf/5.3.0/../../../../../H-x86_64-mingw32/nios2-elf/lib\libc.a(lib_a-__atexit.o)
 .debug_aranges
                0x0000000000000270       0x20 c:/intelfpga/18.1/nios2eds/bin/gnu/h-x86_64-mingw32/bin/../lib/gcc/nios2-elf/5.3.0/../../../../../H-x86_64-mingw32/nios2-elf/lib\libc.a(lib_a-__call_atexit.o)
 .debug_aranges
                0x0000000000000290       0x20 ../grp_phase_2_bsp/\libhal_bsp.a(alt_exit.o)

.debug_pubnames
 *(.debug_pubnames)

.debug_info     0x0000000000000000     0x3b92
 *(.debug_info .gnu.linkonce.wi.*)
 .debug_info    0x0000000000000000       0x79 ../grp_phase_2_bsp//obj/HAL/src/crt0.o
 .debug_info    0x0000000000000079      0x1e3 obj/default/main.o
 .debug_info    0x000000000000025c      0x145 ../grp_phase_2_bsp/\libhal_bsp.a(alt_load.o)
 .debug_info    0x00000000000003a1      0x157 ../grp_phase_2_bsp/\libhal_bsp.a(alt_main.o)
 .debug_info    0x00000000000004f8       0xfa ../grp_phase_2_bsp/\libhal_bsp.a(alt_sys_init.o)
 .debug_info    0x00000000000005f2      0x321 ../grp_phase_2_bsp/\libhal_bsp.a(alt_close.o)
 .debug_info    0x0000000000000913       0xa5 ../grp_phase_2_bsp/\libhal_bsp.a(alt_dcache_flush_all.o)
 .debug_info    0x00000000000009b8      0x49c ../grp_phase_2_bsp/\libhal_bsp.a(alt_dev.o)
 .debug_info    0x0000000000000e54       0x83 ../grp_phase_2_bsp/\libhal_bsp.a(alt_do_ctors.o)
 .debug_info    0x0000000000000ed7       0x83 ../grp_phase_2_bsp/\libhal_bsp.a(alt_do_dtors.o)
 .debug_info    0x0000000000000f5a       0xa6 ../grp_phase_2_bsp/\libhal_bsp.a(alt_errno.o)
 .debug_info    0x0000000000001000       0x92 ../grp_phase_2_bsp/\libhal_bsp.a(alt_icache_flush_all.o)
 .debug_info    0x0000000000001092      0x2b0 ../grp_phase_2_bsp/\libhal_bsp.a(alt_release_fd.o)
 .debug_info    0x0000000000001342       0xb8 ../grp_phase_2_bsp/\libhal_bsp.a(altera_nios2_gen2_irq.o)
 .debug_info    0x00000000000013fa       0xdc ../grp_phase_2_bsp/\libhal_bsp.a(alt_icache_flush.o)
 .debug_info    0x00000000000014d6       0xfe c:/intelfpga/18.1/nios2eds/bin/gnu/h-x86_64-mingw32/bin/../lib/gcc/nios2-elf/5.3.0/../../../../../H-x86_64-mingw32/nios2-elf/lib\libc.a(lib_a-atexit.o)
 .debug_info    0x00000000000015d4      0x8e4 c:/intelfpga/18.1/nios2eds/bin/gnu/h-x86_64-mingw32/bin/../lib/gcc/nios2-elf/5.3.0/../../../../../H-x86_64-mingw32/nios2-elf/lib\libc.a(lib_a-exit.o)
 .debug_info    0x0000000000001eb8      0x8a1 c:/intelfpga/18.1/nios2eds/bin/gnu/h-x86_64-mingw32/bin/../lib/gcc/nios2-elf/5.3.0/../../../../../H-x86_64-mingw32/nios2-elf/lib\libc.a(lib_a-impure.o)
 .debug_info    0x0000000000002759       0x8a c:/intelfpga/18.1/nios2eds/bin/gnu/h-x86_64-mingw32/bin/../lib/gcc/nios2-elf/5.3.0/../../../../../H-x86_64-mingw32/nios2-elf/lib\libc.a(lib_a-int_errno.o)
 .debug_info    0x00000000000027e3      0x934 c:/intelfpga/18.1/nios2eds/bin/gnu/h-x86_64-mingw32/bin/../lib/gcc/nios2-elf/5.3.0/../../../../../H-x86_64-mingw32/nios2-elf/lib\libc.a(lib_a-__atexit.o)
 .debug_info    0x0000000000003117      0x965 c:/intelfpga/18.1/nios2eds/bin/gnu/h-x86_64-mingw32/bin/../lib/gcc/nios2-elf/5.3.0/../../../../../H-x86_64-mingw32/nios2-elf/lib\libc.a(lib_a-__call_atexit.o)
 .debug_info    0x0000000000003a7c      0x116 ../grp_phase_2_bsp/\libhal_bsp.a(alt_exit.o)

.debug_abbrev   0x0000000000000000     0x123b
 *(.debug_abbrev)
 .debug_abbrev  0x0000000000000000       0x12 ../grp_phase_2_bsp//obj/HAL/src/crt0.o
 .debug_abbrev  0x0000000000000012       0xeb obj/default/main.o
 .debug_abbrev  0x00000000000000fd       0x9f ../grp_phase_2_bsp/\libhal_bsp.a(alt_load.o)
 .debug_abbrev  0x000000000000019c       0xc1 ../grp_phase_2_bsp/\libhal_bsp.a(alt_main.o)
 .debug_abbrev  0x000000000000025d       0xbc ../grp_phase_2_bsp/\libhal_bsp.a(alt_sys_init.o)
 .debug_abbrev  0x0000000000000319      0x11f ../grp_phase_2_bsp/\libhal_bsp.a(alt_close.o)
 .debug_abbrev  0x0000000000000438       0x5a ../grp_phase_2_bsp/\libhal_bsp.a(alt_dcache_flush_all.o)
 .debug_abbrev  0x0000000000000492       0xd9 ../grp_phase_2_bsp/\libhal_bsp.a(alt_dev.o)
 .debug_abbrev  0x000000000000056b       0x79 ../grp_phase_2_bsp/\libhal_bsp.a(alt_do_ctors.o)
 .debug_abbrev  0x00000000000005e4       0x79 ../grp_phase_2_bsp/\libhal_bsp.a(alt_do_dtors.o)
 .debug_abbrev  0x000000000000065d       0x5a ../grp_phase_2_bsp/\libhal_bsp.a(alt_errno.o)
 .debug_abbrev  0x00000000000006b7       0x42 ../grp_phase_2_bsp/\libhal_bsp.a(alt_icache_flush_all.o)
 .debug_abbrev  0x00000000000006f9       0xde ../grp_phase_2_bsp/\libhal_bsp.a(alt_release_fd.o)
 .debug_abbrev  0x00000000000007d7       0x67 ../grp_phase_2_bsp/\libhal_bsp.a(altera_nios2_gen2_irq.o)
 .debug_abbrev  0x000000000000083e       0x8c ../grp_phase_2_bsp/\libhal_bsp.a(alt_icache_flush.o)
 .debug_abbrev  0x00000000000008ca       0xaa c:/intelfpga/18.1/nios2eds/bin/gnu/h-x86_64-mingw32/bin/../lib/gcc/nios2-elf/5.3.0/../../../../../H-x86_64-mingw32/nios2-elf/lib\libc.a(lib_a-atexit.o)
 .debug_abbrev  0x0000000000000974      0x1e5 c:/intelfpga/18.1/nios2eds/bin/gnu/h-x86_64-mingw32/bin/../lib/gcc/nios2-elf/5.3.0/../../../../../H-x86_64-mingw32/nios2-elf/lib\libc.a(lib_a-exit.o)
 .debug_abbrev  0x0000000000000b59      0x18f c:/intelfpga/18.1/nios2eds/bin/gnu/h-x86_64-mingw32/bin/../lib/gcc/nios2-elf/5.3.0/../../../../../H-x86_64-mingw32/nios2-elf/lib\libc.a(lib_a-impure.o)
 .debug_abbrev  0x0000000000000ce8       0x37 c:/intelfpga/18.1/nios2eds/bin/gnu/h-x86_64-mingw32/bin/../lib/gcc/nios2-elf/5.3.0/../../../../../H-x86_64-mingw32/nios2-elf/lib\libc.a(lib_a-int_errno.o)
 .debug_abbrev  0x0000000000000d1f      0x21e c:/intelfpga/18.1/nios2eds/bin/gnu/h-x86_64-mingw32/bin/../lib/gcc/nios2-elf/5.3.0/../../../../../H-x86_64-mingw32/nios2-elf/lib\libc.a(lib_a-__atexit.o)
 .debug_abbrev  0x0000000000000f3d      0x22e c:/intelfpga/18.1/nios2eds/bin/gnu/h-x86_64-mingw32/bin/../lib/gcc/nios2-elf/5.3.0/../../../../../H-x86_64-mingw32/nios2-elf/lib\libc.a(lib_a-__call_atexit.o)
 .debug_abbrev  0x000000000000116b       0xd0 ../grp_phase_2_bsp/\libhal_bsp.a(alt_exit.o)

.debug_line     0x0000000000000000     0x12af
 *(.debug_line)
 .debug_line    0x0000000000000000       0x72 ../grp_phase_2_bsp//obj/HAL/src/crt0.o
 .debug_line    0x0000000000000072       0xe2 obj/default/main.o
 .debug_line    0x0000000000000154       0x8e ../grp_phase_2_bsp/\libhal_bsp.a(alt_load.o)
 .debug_line    0x00000000000001e2       0xcd ../grp_phase_2_bsp/\libhal_bsp.a(alt_main.o)
 .debug_line    0x00000000000002af       0xa7 ../grp_phase_2_bsp/\libhal_bsp.a(alt_sys_init.o)
 .debug_line    0x0000000000000356      0x160 ../grp_phase_2_bsp/\libhal_bsp.a(alt_close.o)
 .debug_line    0x00000000000004b6       0x61 ../grp_phase_2_bsp/\libhal_bsp.a(alt_dcache_flush_all.o)
 .debug_line    0x0000000000000517       0xf3 ../grp_phase_2_bsp/\libhal_bsp.a(alt_dev.o)
 .debug_line    0x000000000000060a       0x59 ../grp_phase_2_bsp/\libhal_bsp.a(alt_do_ctors.o)
 .debug_line    0x0000000000000663       0x59 ../grp_phase_2_bsp/\libhal_bsp.a(alt_do_dtors.o)
 .debug_line    0x00000000000006bc       0x51 ../grp_phase_2_bsp/\libhal_bsp.a(alt_errno.o)
 .debug_line    0x000000000000070d       0x50 ../grp_phase_2_bsp/\libhal_bsp.a(alt_icache_flush_all.o)
 .debug_line    0x000000000000075d       0xae ../grp_phase_2_bsp/\libhal_bsp.a(alt_release_fd.o)
 .debug_line    0x000000000000080b       0x8d ../grp_phase_2_bsp/\libhal_bsp.a(altera_nios2_gen2_irq.o)
 .debug_line    0x0000000000000898       0x81 ../grp_phase_2_bsp/\libhal_bsp.a(alt_icache_flush.o)
 .debug_line    0x0000000000000919       0xe4 c:/intelfpga/18.1/nios2eds/bin/gnu/h-x86_64-mingw32/bin/../lib/gcc/nios2-elf/5.3.0/../../../../../H-x86_64-mingw32/nios2-elf/lib\libc.a(lib_a-atexit.o)
 .debug_line    0x00000000000009fd      0x1f9 c:/intelfpga/18.1/nios2eds/bin/gnu/h-x86_64-mingw32/bin/../lib/gcc/nios2-elf/5.3.0/../../../../../H-x86_64-mingw32/nios2-elf/lib\libc.a(lib_a-exit.o)
 .debug_line    0x0000000000000bf6      0x15d c:/intelfpga/18.1/nios2eds/bin/gnu/h-x86_64-mingw32/bin/../lib/gcc/nios2-elf/5.3.0/../../../../../H-x86_64-mingw32/nios2-elf/lib\libc.a(lib_a-impure.o)
 .debug_line    0x0000000000000d53       0x5c c:/intelfpga/18.1/nios2eds/bin/gnu/h-x86_64-mingw32/bin/../lib/gcc/nios2-elf/5.3.0/../../../../../H-x86_64-mingw32/nios2-elf/lib\libc.a(lib_a-int_errno.o)
 .debug_line    0x0000000000000daf      0x21c c:/intelfpga/18.1/nios2eds/bin/gnu/h-x86_64-mingw32/bin/../lib/gcc/nios2-elf/5.3.0/../../../../../H-x86_64-mingw32/nios2-elf/lib\libc.a(lib_a-__atexit.o)
 .debug_line    0x0000000000000fcb      0x237 c:/intelfpga/18.1/nios2eds/bin/gnu/h-x86_64-mingw32/bin/../lib/gcc/nios2-elf/5.3.0/../../../../../H-x86_64-mingw32/nios2-elf/lib\libc.a(lib_a-__call_atexit.o)
 .debug_line    0x0000000000001202       0xad ../grp_phase_2_bsp/\libhal_bsp.a(alt_exit.o)

.debug_frame    0x0000000000000000      0x440
 *(.debug_frame)
 .debug_frame   0x0000000000000000       0x50 obj/default/main.o
 .debug_frame   0x0000000000000050       0x5c ../grp_phase_2_bsp/\libhal_bsp.a(alt_load.o)
 .debug_frame   0x00000000000000ac       0x2c ../grp_phase_2_bsp/\libhal_bsp.a(alt_main.o)
 .debug_frame   0x00000000000000d8       0x5c ../grp_phase_2_bsp/\libhal_bsp.a(alt_sys_init.o)
 .debug_frame   0x0000000000000134       0x60 ../grp_phase_2_bsp/\libhal_bsp.a(alt_close.o)
 .debug_frame   0x0000000000000194       0x34 ../grp_phase_2_bsp/\libhal_bsp.a(alt_dcache_flush_all.o)
 .debug_frame   0x00000000000001c8       0x34 ../grp_phase_2_bsp/\libhal_bsp.a(alt_dev.o)
 .debug_frame   0x00000000000001fc       0x38 ../grp_phase_2_bsp/\libhal_bsp.a(alt_do_ctors.o)
 .debug_frame   0x0000000000000234       0x38 ../grp_phase_2_bsp/\libhal_bsp.a(alt_do_dtors.o)
 .debug_frame   0x000000000000026c       0x38 ../grp_phase_2_bsp/\libhal_bsp.a(alt_icache_flush_all.o)
 .debug_frame   0x00000000000002a4       0x34 ../grp_phase_2_bsp/\libhal_bsp.a(alt_release_fd.o)
 .debug_frame   0x00000000000002d8       0x34 ../grp_phase_2_bsp/\libhal_bsp.a(altera_nios2_gen2_irq.o)
 .debug_frame   0x000000000000030c       0x34 ../grp_phase_2_bsp/\libhal_bsp.a(alt_icache_flush.o)
 .debug_frame   0x0000000000000340       0x20 c:/intelfpga/18.1/nios2eds/bin/gnu/h-x86_64-mingw32/bin/../lib/gcc/nios2-elf/5.3.0/../../../../../H-x86_64-mingw32/nios2-elf/lib\libc.a(lib_a-atexit.o)
 .debug_frame   0x0000000000000360       0x28 c:/intelfpga/18.1/nios2eds/bin/gnu/h-x86_64-mingw32/bin/../lib/gcc/nios2-elf/5.3.0/../../../../../H-x86_64-mingw32/nios2-elf/lib\libc.a(lib_a-exit.o)
 .debug_frame   0x0000000000000388       0x38 c:/intelfpga/18.1/nios2eds/bin/gnu/h-x86_64-mingw32/bin/../lib/gcc/nios2-elf/5.3.0/../../../../../H-x86_64-mingw32/nios2-elf/lib\libc.a(lib_a-__atexit.o)
 .debug_frame   0x00000000000003c0       0x54 c:/intelfpga/18.1/nios2eds/bin/gnu/h-x86_64-mingw32/bin/../lib/gcc/nios2-elf/5.3.0/../../../../../H-x86_64-mingw32/nios2-elf/lib\libc.a(lib_a-__call_atexit.o)
 .debug_frame   0x0000000000000414       0x2c ../grp_phase_2_bsp/\libhal_bsp.a(alt_exit.o)

.debug_str      0x0000000000000000      0xd9c
 *(.debug_str)
 .debug_str     0x0000000000000000      0x167 obj/default/main.o
                                        0x1b1 (size before relaxing)
 .debug_str     0x0000000000000167      0x12e ../grp_phase_2_bsp/\libhal_bsp.a(alt_load.o)
                                        0x21a (size before relaxing)
 .debug_str     0x0000000000000295       0x70 ../grp_phase_2_bsp/\libhal_bsp.a(alt_main.o)
                                        0x1ce (size before relaxing)
 .debug_str     0x0000000000000305       0x47 ../grp_phase_2_bsp/\libhal_bsp.a(alt_sys_init.o)
                                        0x19e (size before relaxing)
 .debug_str     0x000000000000034c       0x90 ../grp_phase_2_bsp/\libhal_bsp.a(alt_close.o)
                                        0x213 (size before relaxing)
 .debug_str     0x00000000000003dc       0x34 ../grp_phase_2_bsp/\libhal_bsp.a(alt_dcache_flush_all.o)
                                        0x15d (size before relaxing)
 .debug_str     0x0000000000000410      0x120 ../grp_phase_2_bsp/\libhal_bsp.a(alt_dev.o)
                                        0x30d (size before relaxing)
 .debug_str     0x0000000000000530       0x48 ../grp_phase_2_bsp/\libhal_bsp.a(alt_do_ctors.o)
                                         0xd8 (size before relaxing)
 .debug_str     0x0000000000000578       0x4c ../grp_phase_2_bsp/\libhal_bsp.a(alt_do_dtors.o)
                                         0xd7 (size before relaxing)
 .debug_str     0x00000000000005c4       0x14 ../grp_phase_2_bsp/\libhal_bsp.a(alt_errno.o)
                                        0x14d (size before relaxing)
 .debug_str     0x00000000000005d8       0x34 ../grp_phase_2_bsp/\libhal_bsp.a(alt_icache_flush_all.o)
                                        0x15d (size before relaxing)
 .debug_str     0x000000000000060c       0x28 ../grp_phase_2_bsp/\libhal_bsp.a(alt_release_fd.o)
                                        0x1db (size before relaxing)
 .debug_str     0x0000000000000634       0x3b ../grp_phase_2_bsp/\libhal_bsp.a(altera_nios2_gen2_irq.o)
                                        0x18d (size before relaxing)
 .debug_str     0x000000000000066f       0x2c ../grp_phase_2_bsp/\libhal_bsp.a(alt_icache_flush.o)
                                        0x163 (size before relaxing)
 .debug_str     0x000000000000069b      0x162 c:/intelfpga/18.1/nios2eds/bin/gnu/h-x86_64-mingw32/bin/../lib/gcc/nios2-elf/5.3.0/../../../../../H-x86_64-mingw32/nios2-elf/lib\libc.a(lib_a-atexit.o)
                                        0x207 (size before relaxing)
 .debug_str     0x00000000000007fd      0x3d3 c:/intelfpga/18.1/nios2eds/bin/gnu/h-x86_64-mingw32/bin/../lib/gcc/nios2-elf/5.3.0/../../../../../H-x86_64-mingw32/nios2-elf/lib\libc.a(lib_a-exit.o)
                                        0x5a4 (size before relaxing)
 .debug_str     0x0000000000000bd0       0xc8 c:/intelfpga/18.1/nios2eds/bin/gnu/h-x86_64-mingw32/bin/../lib/gcc/nios2-elf/5.3.0/../../../../../H-x86_64-mingw32/nios2-elf/lib\libc.a(lib_a-impure.o)
                                        0x59b (size before relaxing)
 .debug_str     0x0000000000000c98       0x3c c:/intelfpga/18.1/nios2eds/bin/gnu/h-x86_64-mingw32/bin/../lib/gcc/nios2-elf/5.3.0/../../../../../H-x86_64-mingw32/nios2-elf/lib\libc.a(lib_a-int_errno.o)
                                        0x1c3 (size before relaxing)
 .debug_str     0x0000000000000cd4       0x3c c:/intelfpga/18.1/nios2eds/bin/gnu/h-x86_64-mingw32/bin/../lib/gcc/nios2-elf/5.3.0/../../../../../H-x86_64-mingw32/nios2-elf/lib\libc.a(lib_a-__atexit.o)
                                        0x5dc (size before relaxing)
 .debug_str     0x0000000000000d10       0x62 c:/intelfpga/18.1/nios2eds/bin/gnu/h-x86_64-mingw32/bin/../lib/gcc/nios2-elf/5.3.0/../../../../../H-x86_64-mingw32/nios2-elf/lib\libc.a(lib_a-__call_atexit.o)
                                        0x5c8 (size before relaxing)
 .debug_str     0x0000000000000d72       0x2a ../grp_phase_2_bsp/\libhal_bsp.a(alt_exit.o)
                                        0x182 (size before relaxing)

.debug_loc      0x0000000000000000      0x39d
 *(.debug_loc)
 .debug_loc     0x0000000000000000       0x2c c:/intelfpga/18.1/nios2eds/bin/gnu/h-x86_64-mingw32/bin/../lib/gcc/nios2-elf/5.3.0/../../../../../H-x86_64-mingw32/nios2-elf/lib\libc.a(lib_a-atexit.o)
 .debug_loc     0x000000000000002c       0x1e c:/intelfpga/18.1/nios2eds/bin/gnu/h-x86_64-mingw32/bin/../lib/gcc/nios2-elf/5.3.0/../../../../../H-x86_64-mingw32/nios2-elf/lib\libc.a(lib_a-exit.o)
 .debug_loc     0x000000000000004a      0x185 c:/intelfpga/18.1/nios2eds/bin/gnu/h-x86_64-mingw32/bin/../lib/gcc/nios2-elf/5.3.0/../../../../../H-x86_64-mingw32/nios2-elf/lib\libc.a(lib_a-__atexit.o)
 .debug_loc     0x00000000000001cf      0x1ce c:/intelfpga/18.1/nios2eds/bin/gnu/h-x86_64-mingw32/bin/../lib/gcc/nios2-elf/5.3.0/../../../../../H-x86_64-mingw32/nios2-elf/lib\libc.a(lib_a-__call_atexit.o)

.debug_macinfo
 *(.debug_macinfo)

.debug_weaknames
 *(.debug_weaknames)

.debug_funcnames
 *(.debug_funcnames)

.debug_typenames
 *(.debug_typenames)

.debug_varnames
 *(.debug_varnames)

.debug_alt_sim_info
                0x0000000000000000       0x30
 *(.debug_alt_sim_info)
 .debug_alt_sim_info
                0x0000000000000000       0x30 ../grp_phase_2_bsp//obj/HAL/src/crt0.o
                0x000000000000d000                __alt_data_end = 0xd000
                0x000000000000d000                PROVIDE (__alt_stack_pointer, __alt_data_end)
                [!provide]                        PROVIDE (__alt_stack_limit, __alt_stack_base)
                [!provide]                        PROVIDE (__alt_heap_start, end)
                [!provide]                        PROVIDE (__alt_heap_limit, 0xd000)
OUTPUT(grp_phase_2.elf elf32-littlenios2)

.debug_ranges   0x0000000000000000       0x80
 .debug_ranges  0x0000000000000000       0x20 ../grp_phase_2_bsp//obj/HAL/src/crt0.o
 .debug_ranges  0x0000000000000020       0x10 c:/intelfpga/18.1/nios2eds/bin/gnu/h-x86_64-mingw32/bin/../lib/gcc/nios2-elf/5.3.0/../../../../../H-x86_64-mingw32/nios2-elf/lib\libc.a(lib_a-atexit.o)
 .debug_ranges  0x0000000000000030       0x10 c:/intelfpga/18.1/nios2eds/bin/gnu/h-x86_64-mingw32/bin/../lib/gcc/nios2-elf/5.3.0/../../../../../H-x86_64-mingw32/nios2-elf/lib\libc.a(lib_a-exit.o)
 .debug_ranges  0x0000000000000040       0x10 c:/intelfpga/18.1/nios2eds/bin/gnu/h-x86_64-mingw32/bin/../lib/gcc/nios2-elf/5.3.0/../../../../../H-x86_64-mingw32/nios2-elf/lib\libc.a(lib_a-__atexit.o)
 .debug_ranges  0x0000000000000050       0x30 c:/intelfpga/18.1/nios2eds/bin/gnu/h-x86_64-mingw32/bin/../lib/gcc/nios2-elf/5.3.0/../../../../../H-x86_64-mingw32/nios2-elf/lib\libc.a(lib_a-__call_atexit.o)
